# [ttft] sample — dev root holaboss-local-dev-onboard-4, captured 2026-08-18
#
# 13 real desktop turns. The composio cross-turn cache (2f6d97f, 2026-08-15)
# landed between turn 4 and turn 5 — visible in composio_inline going
# 543/676/659/733ms -> ~1ms. Everything from turn 5 on is post-cache.
#
# Captured BEFORE #497 (parallel session setup) merged.

[ttft] session=640366c1-e1fb-443c-aa1d-1160058bcff8 exit=0 ts_runner_load_ms=357 bootstrap_ms=975 harness_load_ms=1437 session_setup_ms=583 model_ttft_ms=25391 total_ttft_ms=28743 input_tokens=61048 cache_read=60416 cache_hit=99% setup=[composio_inline=543,browser_tools=5,resource_reload=3,runtime_tools=2,create_agent_session=2,mcp_connect=1,web_search=1]
[ttft] session=ab9a4cf6-5efe-49c8-a0bc-0124921307a8 exit=0 ts_runner_load_ms=287 bootstrap_ms=913 harness_load_ms=1119 session_setup_ms=715 model_ttft_ms=7147 total_ttft_ms=10181 input_tokens=60819 cache_read=7168 cache_hit=12% setup=[composio_inline=676,browser_tools=5,resource_reload=2,runtime_tools=2,create_agent_session=2,mcp_connect=1]
[ttft] session=76dd8340-3ece-4c34-a6a1-07f67f0bc312 exit=0 ts_runner_load_ms=942 bootstrap_ms=1797 harness_load_ms=393 session_setup_ms=695 model_ttft_ms=7153 total_ttft_ms=10980 input_tokens=19256 cache_read=9216 cache_hit=48% setup=[composio_inline=659,browser_tools=6,runtime_tools=2,create_agent_session=2,resource_reload=1,mcp_connect=1]
[ttft] session=76dd8340-3ece-4c34-a6a1-07f67f0bc312 exit=0 ts_runner_load_ms=244 bootstrap_ms=959 harness_load_ms=945 session_setup_ms=775 model_ttft_ms=6139 total_ttft_ms=9062 input_tokens=39290 cache_read=37888 cache_hit=96% setup=[composio_inline=733,browser_tools=4,create_agent_session=3,resource_reload=2,web_search=2,mcp_connect=1,runtime_tools=1]
[ttft] session=20bc57fd-f51c-4c31-ae52-5149291821bb exit=0 ts_runner_load_ms=209 bootstrap_ms=1024 harness_load_ms=965 session_setup_ms=36 model_ttft_ms=8651 total_ttft_ms=10885 input_tokens=19256 cache_read=18432 cache_hit=96% setup=[browser_tools=6,runtime_tools=2,create_agent_session=2,resource_reload=1,mcp_connect=1,composio_inline=1]
[ttft] session=20bc57fd-f51c-4c31-ae52-5149291821bb exit=0 ts_runner_load_ms=215 bootstrap_ms=204 harness_load_ms=959 session_setup_ms=35 model_ttft_ms=5585 total_ttft_ms=6998 input_tokens=19478 cache_read=18432 cache_hit=95% setup=[browser_tools=6,resource_reload=2,runtime_tools=2,create_agent_session=2,mcp_connect=1,composio_inline=1]
[ttft] session=20bc57fd-f51c-4c31-ae52-5149291821bb exit=0 ts_runner_load_ms=216 bootstrap_ms=953 harness_load_ms=882 session_setup_ms=32 model_ttft_ms=3855 total_ttft_ms=5938 input_tokens=273706 cache_read=260096 cache_hit=95% setup=[browser_tools=5,resource_reload=2,create_agent_session=2,mcp_connect=1,runtime_tools=1,web_search=1]
[ttft] session=6bf748c2-1b4e-4d22-813d-2df98a5adf2a exit=0 ts_runner_load_ms=233 bootstrap_ms=1026 harness_load_ms=839 session_setup_ms=195 model_ttft_ms=8102 total_ttft_ms=10395 input_tokens=102822 cache_read=80896 cache_hit=79% setup=[browser_tools=161,resource_reload=2,runtime_tools=2,mcp_connect=1,web_search=1,create_agent_session=1]
[ttft] session=7f21e239-64f1-4b2c-b5f0-a53623c986bc exit=0 ts_runner_load_ms=267 bootstrap_ms=1438 harness_load_ms=932 session_setup_ms=39 model_ttft_ms=4962 total_ttft_ms=7638 input_tokens=11273 cache_read=4096 cache_hit=36% setup=[browser_tools=6,resource_reload=2,runtime_tools=2,create_agent_session=2,mcp_connect=1,composio_inline=1]
[ttft] session=e309f497-acc3-4357-901a-32f0b2e5f017 exit=0 ts_runner_load_ms=242 bootstrap_ms=1142 harness_load_ms=921 session_setup_ms=26 model_ttft_ms=3420 total_ttft_ms=5751 input_tokens=10465 cache_read=3072 cache_hit=29% setup=[browser_tools=6,resource_reload=1,mcp_connect=1,runtime_tools=1,web_search=1,create_agent_session=1]
[ttft] session=main-595009da-c407-474d-81ae-e0c4a5759438 exit=0 ts_runner_load_ms=249 bootstrap_ms=205 harness_load_ms=944 session_setup_ms=68 model_ttft_ms=4692 total_ttft_ms=6158 input_tokens=15058 cache_read=0 cache_hit=0% setup=[browser_tools=46,runtime_tools=2,create_agent_session=2,resource_reload=1,mcp_connect=1,composio_inline=1]
[ttft] session=5682177e-3378-428b-b890-97ac337dbab2 exit=0 ts_runner_load_ms=293 bootstrap_ms=1258 harness_load_ms=1631 session_setup_ms=96 model_ttft_ms=2380 total_ttft_ms=5658 input_tokens=9111 cache_read=0 cache_hit=0% setup=[browser_tools=28,resource_reload=5,runtime_tools=5,mcp_connect=4,create_agent_session=4,composio_inline=2,web_search=1]
[ttft] session=5682177e-3378-428b-b890-97ac337dbab2 exit=0 ts_runner_load_ms=489 bootstrap_ms=278 harness_load_ms=1682 session_setup_ms=29 model_ttft_ms=4143 total_ttft_ms=6621 input_tokens=9311 cache_read=8704 cache_hit=93% setup=[browser_tools=4,resource_reload=3,runtime_tools=2,create_agent_session=2,mcp_connect=1,composio_inline=1,web_search=1]
